Archive member included because of file (symbol)

c:/users/seifm/onedrive/desktop/embedded system/tools/imt_sdk_win_64/winavr/bin/../lib/gcc/avr/4.3.3/avr5\libgcc.a(_udivmodhi4.o)
                              ./HLCD_Program.o (__udivmodhi4)
c:/users/seifm/onedrive/desktop/embedded system/tools/imt_sdk_win_64/winavr/bin/../lib/gcc/avr/4.3.3/avr5\libgcc.a(_divmodhi4.o)
                              ./HLCD_Program.o (__divmodhi4)
c:/users/seifm/onedrive/desktop/embedded system/tools/imt_sdk_win_64/winavr/bin/../lib/gcc/avr/4.3.3/avr5\libgcc.a(_exit.o)
                              c:/users/seifm/onedrive/desktop/embedded system/tools/imt_sdk_win_64/winavr/bin/../lib/gcc/avr/4.3.3/../../../../avr/lib/avr5/crtm32.o (exit)
c:/users/seifm/onedrive/desktop/embedded system/tools/imt_sdk_win_64/winavr/bin/../lib/gcc/avr/4.3.3/avr5\libgcc.a(_copy_data.o)
                              ./HultraSonic_Program.o (__do_copy_data)
c:/users/seifm/onedrive/desktop/embedded system/tools/imt_sdk_win_64/winavr/bin/../lib/gcc/avr/4.3.3/avr5\libgcc.a(_clear_bss.o)
                              ./MTMR_Program.o (__do_clear_bss)
c:/users/seifm/onedrive/desktop/embedded system/tools/imt_sdk_win_64/winavr/bin/../lib/gcc/avr/4.3.3/avr5\libgcc.a(_fixunssfsi.o)
                              ./HLCD_Program.o (__fixunssfsi)
c:/users/seifm/onedrive/desktop/embedded system/tools/imt_sdk_win_64/winavr/bin/../lib/gcc/avr/4.3.3/avr5\libgcc.a(_addsub_sf.o)
                              c:/users/seifm/onedrive/desktop/embedded system/tools/imt_sdk_win_64/winavr/bin/../lib/gcc/avr/4.3.3/avr5\libgcc.a(_fixunssfsi.o) (__subsf3)
c:/users/seifm/onedrive/desktop/embedded system/tools/imt_sdk_win_64/winavr/bin/../lib/gcc/avr/4.3.3/avr5\libgcc.a(_mul_sf.o)
                              ./HLCD_Program.o (__mulsf3)
c:/users/seifm/onedrive/desktop/embedded system/tools/imt_sdk_win_64/winavr/bin/../lib/gcc/avr/4.3.3/avr5\libgcc.a(_div_sf.o)
                              ./HLCD_Program.o (__divsf3)
c:/users/seifm/onedrive/desktop/embedded system/tools/imt_sdk_win_64/winavr/bin/../lib/gcc/avr/4.3.3/avr5\libgcc.a(_gt_sf.o)
                              ./HLCD_Program.o (__gtsf2)
c:/users/seifm/onedrive/desktop/embedded system/tools/imt_sdk_win_64/winavr/bin/../lib/gcc/avr/4.3.3/avr5\libgcc.a(_ge_sf.o)
                              c:/users/seifm/onedrive/desktop/embedded system/tools/imt_sdk_win_64/winavr/bin/../lib/gcc/avr/4.3.3/avr5\libgcc.a(_fixunssfsi.o) (__gesf2)
c:/users/seifm/onedrive/desktop/embedded system/tools/imt_sdk_win_64/winavr/bin/../lib/gcc/avr/4.3.3/avr5\libgcc.a(_lt_sf.o)
                              ./HLCD_Program.o (__ltsf2)
c:/users/seifm/onedrive/desktop/embedded system/tools/imt_sdk_win_64/winavr/bin/../lib/gcc/avr/4.3.3/avr5\libgcc.a(_sf_to_si.o)
                              c:/users/seifm/onedrive/desktop/embedded system/tools/imt_sdk_win_64/winavr/bin/../lib/gcc/avr/4.3.3/avr5\libgcc.a(_fixunssfsi.o) (__fixsfsi)
c:/users/seifm/onedrive/desktop/embedded system/tools/imt_sdk_win_64/winavr/bin/../lib/gcc/avr/4.3.3/avr5\libgcc.a(_thenan_sf.o)
                              c:/users/seifm/onedrive/desktop/embedded system/tools/imt_sdk_win_64/winavr/bin/../lib/gcc/avr/4.3.3/avr5\libgcc.a(_addsub_sf.o) (__thenan_sf)
c:/users/seifm/onedrive/desktop/embedded system/tools/imt_sdk_win_64/winavr/bin/../lib/gcc/avr/4.3.3/avr5\libgcc.a(_prologue.o)
                              c:/users/seifm/onedrive/desktop/embedded system/tools/imt_sdk_win_64/winavr/bin/../lib/gcc/avr/4.3.3/avr5\libgcc.a(_addsub_sf.o) (__prologue_saves__)
c:/users/seifm/onedrive/desktop/embedded system/tools/imt_sdk_win_64/winavr/bin/../lib/gcc/avr/4.3.3/avr5\libgcc.a(_epilogue.o)
                              c:/users/seifm/onedrive/desktop/embedded system/tools/imt_sdk_win_64/winavr/bin/../lib/gcc/avr/4.3.3/avr5\libgcc.a(_addsub_sf.o) (__epilogue_restores__)
c:/users/seifm/onedrive/desktop/embedded system/tools/imt_sdk_win_64/winavr/bin/../lib/gcc/avr/4.3.3/avr5\libgcc.a(_pack_sf.o)
                              c:/users/seifm/onedrive/desktop/embedded system/tools/imt_sdk_win_64/winavr/bin/../lib/gcc/avr/4.3.3/avr5\libgcc.a(_addsub_sf.o) (__pack_f)
c:/users/seifm/onedrive/desktop/embedded system/tools/imt_sdk_win_64/winavr/bin/../lib/gcc/avr/4.3.3/avr5\libgcc.a(_unpack_sf.o)
                              c:/users/seifm/onedrive/desktop/embedded system/tools/imt_sdk_win_64/winavr/bin/../lib/gcc/avr/4.3.3/avr5\libgcc.a(_addsub_sf.o) (__unpack_f)
c:/users/seifm/onedrive/desktop/embedded system/tools/imt_sdk_win_64/winavr/bin/../lib/gcc/avr/4.3.3/avr5\libgcc.a(_fpcmp_parts_sf.o)
                              c:/users/seifm/onedrive/desktop/embedded system/tools/imt_sdk_win_64/winavr/bin/../lib/gcc/avr/4.3.3/avr5\libgcc.a(_gt_sf.o) (__fpcmp_parts_f)

Memory Configuration

Name             Origin             Length             Attributes
text             0x00000000         0x00020000         xr
data             0x00800060         0x0000ffa0         rw !x
eeprom           0x00810000         0x00010000         rw !x
fuse             0x00820000         0x00000400         rw !x
lock             0x00830000         0x00000400         rw !x
signature        0x00840000         0x00000400         rw !x
*default*        0x00000000         0xffffffff

Linker script and memory map

LOAD c:/users/seifm/onedrive/desktop/embedded system/tools/imt_sdk_win_64/winavr/bin/../lib/gcc/avr/4.3.3/../../../../avr/lib/avr5/crtm32.o
LOAD ./HLCD_Program.o
LOAD ./HultraSonic_Program.o
LOAD ./MDIO_Program.o
LOAD ./MOTORS_Program.o
LOAD ./MTMR_Program.o
LOAD ./MUART_Program.o
LOAD ./main.o
LOAD c:/users/seifm/onedrive/desktop/embedded system/tools/imt_sdk_win_64/winavr/bin/../lib/gcc/avr/4.3.3/avr5\libgcc.a
LOAD c:/users/seifm/onedrive/desktop/embedded system/tools/imt_sdk_win_64/winavr/bin/../lib/gcc/avr/4.3.3/../../../../avr/lib/avr5\libc.a
LOAD c:/users/seifm/onedrive/desktop/embedded system/tools/imt_sdk_win_64/winavr/bin/../lib/gcc/avr/4.3.3/avr5\libgcc.a

.hash
 *(.hash)

.dynsym
 *(.dynsym)

.dynstr
 *(.dynstr)

.gnu.version
 *(.gnu.version)

.gnu.version_d
 *(.gnu.version_d)

.gnu.version_r
 *(.gnu.version_r)

.rel.init
 *(.rel.init)

.rela.init
 *(.rela.init)

.rel.text
 *(.rel.text)
 *(.rel.text.*)
 *(.rel.gnu.linkonce.t*)

.rela.text
 *(.rela.text)
 *(.rela.text.*)
 *(.rela.gnu.linkonce.t*)

.rel.fini
 *(.rel.fini)

.rela.fini
 *(.rela.fini)

.rel.rodata
 *(.rel.rodata)
 *(.rel.rodata.*)
 *(.rel.gnu.linkonce.r*)

.rela.rodata
 *(.rela.rodata)
 *(.rela.rodata.*)
 *(.rela.gnu.linkonce.r*)

.rel.data
 *(.rel.data)
 *(.rel.data.*)
 *(.rel.gnu.linkonce.d*)

.rela.data
 *(.rela.data)
 *(.rela.data.*)
 *(.rela.gnu.linkonce.d*)

.rel.ctors
 *(.rel.ctors)

.rela.ctors
 *(.rela.ctors)

.rel.dtors
 *(.rel.dtors)

.rela.dtors
 *(.rela.dtors)

.rel.got
 *(.rel.got)

.rela.got
 *(.rela.got)

.rel.bss
 *(.rel.bss)

.rela.bss
 *(.rela.bss)

.rel.plt
 *(.rel.plt)

.rela.plt
 *(.rela.plt)

.text           0x00000000     0x3616
 *(.vectors)
 .vectors       0x00000000       0x54 c:/users/seifm/onedrive/desktop/embedded system/tools/imt_sdk_win_64/winavr/bin/../lib/gcc/avr/4.3.3/../../../../avr/lib/avr5/crtm32.o
                0x00000000                __vectors
                0x00000000                __vector_default
 *(.vectors)
 *(.progmem.gcc*)
 *(.progmem*)
                0x00000054                . = ALIGN (0x2)
                0x00000054                __trampolines_start = .
 *(.trampolines)
 .trampolines   0x00000054        0x0 linker stubs
 *(.trampolines*)
                0x00000054                __trampolines_end = .
 *(.jumptables)
 *(.jumptables*)
 *(.lowtext)
 *(.lowtext*)
                0x00000054                __ctors_start = .
 *(.ctors)
                0x00000054                __ctors_end = .
                0x00000054                __dtors_start = .
 *(.dtors)
                0x00000054                __dtors_end = .
 SORT(*)(.ctors)
 SORT(*)(.dtors)
 *(.init0)
 .init0         0x00000054        0x0 c:/users/seifm/onedrive/desktop/embedded system/tools/imt_sdk_win_64/winavr/bin/../lib/gcc/avr/4.3.3/../../../../avr/lib/avr5/crtm32.o
                0x00000054                __init
 *(.init0)
 *(.init1)
 *(.init1)
 *(.init2)
 .init2         0x00000054        0xc c:/users/seifm/onedrive/desktop/embedded system/tools/imt_sdk_win_64/winavr/bin/../lib/gcc/avr/4.3.3/../../../../avr/lib/avr5/crtm32.o
 *(.init2)
 *(.init3)
 *(.init3)
 *(.init4)
 .init4         0x00000060       0x16 c:/users/seifm/onedrive/desktop/embedded system/tools/imt_sdk_win_64/winavr/bin/../lib/gcc/avr/4.3.3/avr5\libgcc.a(_copy_data.o)
                0x00000060                __do_copy_data
 .init4         0x00000076       0x10 c:/users/seifm/onedrive/desktop/embedded system/tools/imt_sdk_win_64/winavr/bin/../lib/gcc/avr/4.3.3/avr5\libgcc.a(_clear_bss.o)
                0x00000076                __do_clear_bss
 *(.init4)
 *(.init5)
 *(.init5)
 *(.init6)
 *(.init6)
 *(.init7)
 *(.init7)
 *(.init8)
 *(.init8)
 *(.init9)
 .init9         0x00000086        0x8 c:/users/seifm/onedrive/desktop/embedded system/tools/imt_sdk_win_64/winavr/bin/../lib/gcc/avr/4.3.3/../../../../avr/lib/avr5/crtm32.o
 *(.init9)
 *(.text)
 .text          0x0000008e        0x4 c:/users/seifm/onedrive/desktop/embedded system/tools/imt_sdk_win_64/winavr/bin/../lib/gcc/avr/4.3.3/../../../../avr/lib/avr5/crtm32.o
                0x0000008e                __vector_1
                0x0000008e                __vector_12
                0x0000008e                __bad_interrupt
                0x0000008e                __vector_3
                0x0000008e                __vector_13
                0x0000008e                __vector_17
                0x0000008e                __vector_19
                0x0000008e                __vector_7
                0x0000008e                __vector_5
                0x0000008e                __vector_4
                0x0000008e                __vector_9
                0x0000008e                __vector_2
                0x0000008e                __vector_15
                0x0000008e                __vector_8
                0x0000008e                __vector_16
                0x0000008e                __vector_18
                0x0000008e                __vector_20
 .text          0x00000092        0x0 ./HLCD_Program.o
 .text          0x00000092        0x0 ./HultraSonic_Program.o
 .text          0x00000092        0x0 ./MDIO_Program.o
 .text          0x00000092        0x0 ./MOTORS_Program.o
 .text          0x00000092        0x0 ./MTMR_Program.o
 .text          0x00000092        0x0 ./MUART_Program.o
 .text          0x00000092        0x0 ./main.o
 .text          0x00000092        0x0 c:/users/seifm/onedrive/desktop/embedded system/tools/imt_sdk_win_64/winavr/bin/../lib/gcc/avr/4.3.3/avr5\libgcc.a(_udivmodhi4.o)
 .text          0x00000092        0x0 c:/users/seifm/onedrive/desktop/embedded system/tools/imt_sdk_win_64/winavr/bin/../lib/gcc/avr/4.3.3/avr5\libgcc.a(_divmodhi4.o)
 .text          0x00000092        0x0 c:/users/seifm/onedrive/desktop/embedded system/tools/imt_sdk_win_64/winavr/bin/../lib/gcc/avr/4.3.3/avr5\libgcc.a(_exit.o)
 .text          0x00000092        0x0 c:/users/seifm/onedrive/desktop/embedded system/tools/imt_sdk_win_64/winavr/bin/../lib/gcc/avr/4.3.3/avr5\libgcc.a(_copy_data.o)
 .text          0x00000092        0x0 c:/users/seifm/onedrive/desktop/embedded system/tools/imt_sdk_win_64/winavr/bin/../lib/gcc/avr/4.3.3/avr5\libgcc.a(_clear_bss.o)
 .text          0x00000092       0x58 c:/users/seifm/onedrive/desktop/embedded system/tools/imt_sdk_win_64/winavr/bin/../lib/gcc/avr/4.3.3/avr5\libgcc.a(_fixunssfsi.o)
                0x00000092                __fixunssfsi
 .text          0x000000ea      0x354 c:/users/seifm/onedrive/desktop/embedded system/tools/imt_sdk_win_64/winavr/bin/../lib/gcc/avr/4.3.3/avr5\libgcc.a(_addsub_sf.o)
                0x00000382                __subsf3
                0x000003e4                __addsf3
 .text          0x0000043e      0x1f4 c:/users/seifm/onedrive/desktop/embedded system/tools/imt_sdk_win_64/winavr/bin/../lib/gcc/avr/4.3.3/avr5\libgcc.a(_mul_sf.o)
                0x0000043e                __mulsf3
 .text          0x00000632      0x158 c:/users/seifm/onedrive/desktop/embedded system/tools/imt_sdk_win_64/winavr/bin/../lib/gcc/avr/4.3.3/avr5\libgcc.a(_div_sf.o)
                0x00000632                __divsf3
 .text          0x0000078a       0x60 c:/users/seifm/onedrive/desktop/embedded system/tools/imt_sdk_win_64/winavr/bin/../lib/gcc/avr/4.3.3/avr5\libgcc.a(_gt_sf.o)
                0x0000078a                __gtsf2
 .text          0x000007ea       0x60 c:/users/seifm/onedrive/desktop/embedded system/tools/imt_sdk_win_64/winavr/bin/../lib/gcc/avr/4.3.3/avr5\libgcc.a(_ge_sf.o)
                0x000007ea                __gesf2
 .text          0x0000084a       0x60 c:/users/seifm/onedrive/desktop/embedded system/tools/imt_sdk_win_64/winavr/bin/../lib/gcc/avr/4.3.3/avr5\libgcc.a(_lt_sf.o)
                0x0000084a                __ltsf2
 .text          0x000008aa       0xa8 c:/users/seifm/onedrive/desktop/embedded system/tools/imt_sdk_win_64/winavr/bin/../lib/gcc/avr/4.3.3/avr5\libgcc.a(_sf_to_si.o)
                0x000008aa                __fixsfsi
 .text          0x00000952        0x0 c:/users/seifm/onedrive/desktop/embedded system/tools/imt_sdk_win_64/winavr/bin/../lib/gcc/avr/4.3.3/avr5\libgcc.a(_thenan_sf.o)
 .text          0x00000952        0x0 c:/users/seifm/onedrive/desktop/embedded system/tools/imt_sdk_win_64/winavr/bin/../lib/gcc/avr/4.3.3/avr5\libgcc.a(_prologue.o)
 .text          0x00000952        0x0 c:/users/seifm/onedrive/desktop/embedded system/tools/imt_sdk_win_64/winavr/bin/../lib/gcc/avr/4.3.3/avr5\libgcc.a(_epilogue.o)
 .text          0x00000952      0x1aa c:/users/seifm/onedrive/desktop/embedded system/tools/imt_sdk_win_64/winavr/bin/../lib/gcc/avr/4.3.3/avr5\libgcc.a(_pack_sf.o)
                0x00000952                __pack_f
 .text          0x00000afc       0xf0 c:/users/seifm/onedrive/desktop/embedded system/tools/imt_sdk_win_64/winavr/bin/../lib/gcc/avr/4.3.3/avr5\libgcc.a(_unpack_sf.o)
                0x00000afc                __unpack_f
 .text          0x00000bec       0xb2 c:/users/seifm/onedrive/desktop/embedded system/tools/imt_sdk_win_64/winavr/bin/../lib/gcc/avr/4.3.3/avr5\libgcc.a(_fpcmp_parts_sf.o)
                0x00000bec                __fpcmp_parts_f
                0x00000c9e                . = ALIGN (0x2)
 *(.text.*)
 .text.HLCD_U8Init
                0x00000c9e      0x598 ./HLCD_Program.o
                0x00000c9e                HLCD_U8Init
 .text.HLCD_U8WriteChar
                0x00001236      0x1da ./HLCD_Program.o
                0x00001236                HLCD_U8WriteChar
 .text.HLCD_U8WriteCommand
                0x00001410      0x1da ./HLCD_Program.o
                0x00001410                HLCD_U8WriteCommand
 .text.HLCD_U8SetCursor
                0x000015ea       0x46 ./HLCD_Program.o
                0x000015ea                HLCD_U8SetCursor
 .text.HLCD_U8ClearLCD
                0x00001630       0x14 ./HLCD_Program.o
                0x00001630                HLCD_U8ClearLCD
 .text.HLCD_U8DrawChar
                0x00001644       0x76 ./HLCD_Program.o
                0x00001644                HLCD_U8DrawChar
 .text.HLCD_U8WriteString
                0x000016ba       0x3a ./HLCD_Program.o
                0x000016ba                HLCD_U8WriteString
 .text.HLCD_U8WriteNumber
                0x000016f4      0x15c ./HLCD_Program.o
                0x000016f4                HLCD_U8WriteNumber
 .text.HultraSonic_viodSendPulse
                0x00001850      0x1be ./HultraSonic_Program.o
                0x00001850                HultraSonic_viodSendPulse
 .text.HultraSonic_voidDisplayDistance
                0x00001a0e       0x7c ./HultraSonic_Program.o
                0x00001a0e                HultraSonic_voidDisplayDistance
 .text.MDIO_u8SetPinDirection
                0x00001a8a      0x3b4 ./MDIO_Program.o
                0x00001a8a                MDIO_u8SetPinDirection
 .text.MDIO_u8SetPinValue
                0x00001e3e      0x22a ./MDIO_Program.o
                0x00001e3e                MDIO_u8SetPinValue
 .text.MDIO_u8GetPinValue
                0x00002068      0x12e ./MDIO_Program.o
                0x00002068                MDIO_u8GetPinValue
 .text.MDIO_u8GetPortDirection
                0x00002196      0x1a8 ./MDIO_Program.o
                0x00002196                MDIO_u8GetPortDirection
 .text.MDIO_u8SetPortValue
                0x0000233e       0x94 ./MDIO_Program.o
                0x0000233e                MDIO_u8SetPortValue
 .text.MDIO_u8GetPortValue
                0x000023d2       0xb2 ./MDIO_Program.o
                0x000023d2                MDIO_u8GetPortValue
 .text.MDIO_U8INIT
                0x00002484       0x4a ./MDIO_Program.o
                0x00002484                MDIO_U8INIT
 .text.MOTORS_Forward
                0x000024ce       0x34 ./MOTORS_Program.o
                0x000024ce                MOTORS_Forward
 .text.MOTORS_Backward
                0x00002502       0x2e ./MOTORS_Program.o
                0x00002502                MOTORS_Backward
 .text.MOTORS_Right
                0x00002530      0x12e ./MOTORS_Program.o
                0x00002530                MOTORS_Right
 .text.MOTORS_Left
                0x0000265e      0x12e ./MOTORS_Program.o
                0x0000265e                MOTORS_Left
 .text.MOTORS_Stop
                0x0000278c      0x12a ./MOTORS_Program.o
                0x0000278c                MOTORS_Stop
 .text.MTMR_TIMER0_INIT
                0x000028b6       0x4a ./MTMR_Program.o
                0x000028b6                MTMR_TIMER0_INIT
 .text.MTMR_TMR0CompareMatchValue
                0x00002900       0x1e ./MTMR_Program.o
                0x00002900                MTMR_TMR0CompareMatchValue
 .text.MTMR_U8TMR0_SetCallBack
                0x0000291e       0x46 ./MTMR_Program.o
                0x0000291e                MTMR_U8TMR0_SetCallBack
 .text.MTMR_TIMER0_Disable
                0x00002964       0x1a ./MTMR_Program.o
                0x00002964                MTMR_TIMER0_Disable
 .text.__vector_11
                0x0000297e       0x98 ./MTMR_Program.o
                0x0000297e                __vector_11
 .text.__vector_10
                0x00002a16       0x90 ./MTMR_Program.o
                0x00002a16                __vector_10
 .text.MTMR_TIMER1_INIT
                0x00002aa6       0x5e ./MTMR_Program.o
                0x00002aa6                MTMR_TIMER1_INIT
 .text.MTMR_TIMER1_Disable
                0x00002b04       0x1a ./MTMR_Program.o
                0x00002b04                MTMR_TIMER1_Disable
 .text.MTMR_TMR1CompareMatchValue
                0x00002b1e       0x28 ./MTMR_Program.o
                0x00002b1e                MTMR_TMR1CompareMatchValue
 .text.MTMR_TIMER1_GetValue
                0x00002b46       0x16 ./MTMR_Program.o
                0x00002b46                MTMR_TIMER1_GetValue
 .text.HICU_init
                0x00002b5c       0x32 ./MTMR_Program.o
                0x00002b5c                HICU_init
 .text.HICU_GET_PWM_ON_Period
                0x00002b8e       0x16 ./MTMR_Program.o
                0x00002b8e                HICU_GET_PWM_ON_Period
 .text.__vector_6
                0x00002ba4       0xa6 ./MTMR_Program.o
                0x00002ba4                __vector_6
 .text.MTMR_TIMER2_INIT
                0x00002c4a       0x4a ./MTMR_Program.o
                0x00002c4a                MTMR_TIMER2_INIT
 .text.MTMR_TMR2CompareMatchValue
                0x00002c94       0x1e ./MTMR_Program.o
                0x00002c94                MTMR_TMR2CompareMatchValue
 .text.MTMR_TIMER2_Disable
                0x00002cb2       0x1a ./MTMR_Program.o
                0x00002cb2                MTMR_TIMER2_Disable
 .text.MUART_voidInit
                0x00002ccc       0x8e ./MUART_Program.o
                0x00002ccc                MUART_voidInit
 .text.MUART_voidRecieveByte
                0x00002d5a       0x3a ./MUART_Program.o
                0x00002d5a                MUART_voidRecieveByte
 .text.MUART_voidSendByte
                0x00002d94       0x36 ./MUART_Program.o
                0x00002d94                MUART_voidSendByte
 .text.MUART_u8SendString_synch
                0x00002dca       0x4e ./MUART_Program.o
                0x00002dca                MUART_u8SendString_synch
 .text.MUART_u8SendString_Asynch
                0x00002e18       0x66 ./MUART_Program.o
                0x00002e18                MUART_u8SendString_Asynch
 .text.__vector_14
                0x00002e7e       0xae ./MUART_Program.o
                0x00002e7e                __vector_14
 .text.main     0x00002f2c      0x62a ./main.o
                0x00002f2c                main
 .text.libgcc   0x00003556       0x28 c:/users/seifm/onedrive/desktop/embedded system/tools/imt_sdk_win_64/winavr/bin/../lib/gcc/avr/4.3.3/avr5\libgcc.a(_udivmodhi4.o)
                0x00003556                __udivmodhi4
 .text.libgcc   0x0000357e       0x26 c:/users/seifm/onedrive/desktop/embedded system/tools/imt_sdk_win_64/winavr/bin/../lib/gcc/avr/4.3.3/avr5\libgcc.a(_divmodhi4.o)
                0x0000357e                __divmodhi4
                0x0000357e                _div
 .text.libgcc   0x000035a4        0x0 c:/users/seifm/onedrive/desktop/embedded system/tools/imt_sdk_win_64/winavr/bin/../lib/gcc/avr/4.3.3/avr5\libgcc.a(_exit.o)
 .text.libgcc   0x000035a4        0x0 c:/users/seifm/onedrive/desktop/embedded system/tools/imt_sdk_win_64/winavr/bin/../lib/gcc/avr/4.3.3/avr5\libgcc.a(_copy_data.o)
 .text.libgcc   0x000035a4        0x0 c:/users/seifm/onedrive/desktop/embedded system/tools/imt_sdk_win_64/winavr/bin/../lib/gcc/avr/4.3.3/avr5\libgcc.a(_clear_bss.o)
 .text.libgcc   0x000035a4       0x38 c:/users/seifm/onedrive/desktop/embedded system/tools/imt_sdk_win_64/winavr/bin/../lib/gcc/avr/4.3.3/avr5\libgcc.a(_prologue.o)
                0x000035a4                __prologue_saves__
 .text.libgcc   0x000035dc       0x36 c:/users/seifm/onedrive/desktop/embedded system/tools/imt_sdk_win_64/winavr/bin/../lib/gcc/avr/4.3.3/avr5\libgcc.a(_epilogue.o)
                0x000035dc                __epilogue_restores__
                0x00003612                . = ALIGN (0x2)
 *(.fini9)
 .fini9         0x00003612        0x0 c:/users/seifm/onedrive/desktop/embedded system/tools/imt_sdk_win_64/winavr/bin/../lib/gcc/avr/4.3.3/avr5\libgcc.a(_exit.o)
                0x00003612                exit
                0x00003612                _exit
 *(.fini9)
 *(.fini8)
 *(.fini8)
 *(.fini7)
 *(.fini7)
 *(.fini6)
 *(.fini6)
 *(.fini5)
 *(.fini5)
 *(.fini4)
 *(.fini4)
 *(.fini3)
 *(.fini3)
 *(.fini2)
 *(.fini2)
 *(.fini1)
 *(.fini1)
 *(.fini0)
 .fini0         0x00003612        0x4 c:/users/seifm/onedrive/desktop/embedded system/tools/imt_sdk_win_64/winavr/bin/../lib/gcc/avr/4.3.3/avr5\libgcc.a(_exit.o)
 *(.fini0)
                0x00003616                _etext = .

.data           0x00800060       0x84 load address 0x00003616
                0x00800060                PROVIDE (__data_start, .)
 *(.data)
 .data          0x00800060        0x0 c:/users/seifm/onedrive/desktop/embedded system/tools/imt_sdk_win_64/winavr/bin/../lib/gcc/avr/4.3.3/../../../../avr/lib/avr5/crtm32.o
 .data          0x00800060        0x0 ./HLCD_Program.o
 .data          0x00800060        0xf ./HultraSonic_Program.o
 .data          0x0080006f        0x0 ./MDIO_Program.o
 .data          0x0080006f        0x0 ./MOTORS_Program.o
 .data          0x0080006f        0x0 ./MTMR_Program.o
 .data          0x0080006f        0x0 ./MUART_Program.o
 .data          0x0080006f       0x6d ./main.o
 .data          0x008000dc        0x0 c:/users/seifm/onedrive/desktop/embedded system/tools/imt_sdk_win_64/winavr/bin/../lib/gcc/avr/4.3.3/avr5\libgcc.a(_udivmodhi4.o)
 .data          0x008000dc        0x0 c:/users/seifm/onedrive/desktop/embedded system/tools/imt_sdk_win_64/winavr/bin/../lib/gcc/avr/4.3.3/avr5\libgcc.a(_divmodhi4.o)
 .data          0x008000dc        0x0 c:/users/seifm/onedrive/desktop/embedded system/tools/imt_sdk_win_64/winavr/bin/../lib/gcc/avr/4.3.3/avr5\libgcc.a(_exit.o)
 .data          0x008000dc        0x0 c:/users/seifm/onedrive/desktop/embedded system/tools/imt_sdk_win_64/winavr/bin/../lib/gcc/avr/4.3.3/avr5\libgcc.a(_copy_data.o)
 .data          0x008000dc        0x0 c:/users/seifm/onedrive/desktop/embedded system/tools/imt_sdk_win_64/winavr/bin/../lib/gcc/avr/4.3.3/avr5\libgcc.a(_clear_bss.o)
 .data          0x008000dc        0x0 c:/users/seifm/onedrive/desktop/embedded system/tools/imt_sdk_win_64/winavr/bin/../lib/gcc/avr/4.3.3/avr5\libgcc.a(_fixunssfsi.o)
 .data          0x008000dc        0x0 c:/users/seifm/onedrive/desktop/embedded system/tools/imt_sdk_win_64/winavr/bin/../lib/gcc/avr/4.3.3/avr5\libgcc.a(_addsub_sf.o)
 .data          0x008000dc        0x0 c:/users/seifm/onedrive/desktop/embedded system/tools/imt_sdk_win_64/winavr/bin/../lib/gcc/avr/4.3.3/avr5\libgcc.a(_mul_sf.o)
 .data          0x008000dc        0x0 c:/users/seifm/onedrive/desktop/embedded system/tools/imt_sdk_win_64/winavr/bin/../lib/gcc/avr/4.3.3/avr5\libgcc.a(_div_sf.o)
 .data          0x008000dc        0x0 c:/users/seifm/onedrive/desktop/embedded system/tools/imt_sdk_win_64/winavr/bin/../lib/gcc/avr/4.3.3/avr5\libgcc.a(_gt_sf.o)
 .data          0x008000dc        0x0 c:/users/seifm/onedrive/desktop/embedded system/tools/imt_sdk_win_64/winavr/bin/../lib/gcc/avr/4.3.3/avr5\libgcc.a(_ge_sf.o)
 .data          0x008000dc        0x0 c:/users/seifm/onedrive/desktop/embedded system/tools/imt_sdk_win_64/winavr/bin/../lib/gcc/avr/4.3.3/avr5\libgcc.a(_lt_sf.o)
 .data          0x008000dc        0x0 c:/users/seifm/onedrive/desktop/embedded system/tools/imt_sdk_win_64/winavr/bin/../lib/gcc/avr/4.3.3/avr5\libgcc.a(_sf_to_si.o)
 .data          0x008000dc        0x8 c:/users/seifm/onedrive/desktop/embedded system/tools/imt_sdk_win_64/winavr/bin/../lib/gcc/avr/4.3.3/avr5\libgcc.a(_thenan_sf.o)
                0x008000dc                __thenan_sf
 .data          0x008000e4        0x0 c:/users/seifm/onedrive/desktop/embedded system/tools/imt_sdk_win_64/winavr/bin/../lib/gcc/avr/4.3.3/avr5\libgcc.a(_prologue.o)
 .data          0x008000e4        0x0 c:/users/seifm/onedrive/desktop/embedded system/tools/imt_sdk_win_64/winavr/bin/../lib/gcc/avr/4.3.3/avr5\libgcc.a(_epilogue.o)
 .data          0x008000e4        0x0 c:/users/seifm/onedrive/desktop/embedded system/tools/imt_sdk_win_64/winavr/bin/../lib/gcc/avr/4.3.3/avr5\libgcc.a(_pack_sf.o)
 .data          0x008000e4        0x0 c:/users/seifm/onedrive/desktop/embedded system/tools/imt_sdk_win_64/winavr/bin/../lib/gcc/avr/4.3.3/avr5\libgcc.a(_unpack_sf.o)
 .data          0x008000e4        0x0 c:/users/seifm/onedrive/desktop/embedded system/tools/imt_sdk_win_64/winavr/bin/../lib/gcc/avr/4.3.3/avr5\libgcc.a(_fpcmp_parts_sf.o)
 *(.data*)
 *(.rodata)
 *(.rodata*)
 *(.gnu.linkonce.d*)
                0x008000e4                . = ALIGN (0x2)
                0x008000e4                _edata = .
                0x008000e4                PROVIDE (__data_end, .)

.bss            0x008000e4       0x12
                0x008000e4                PROVIDE (__bss_start, .)
 *(.bss)
 .bss           0x008000e4        0x0 c:/users/seifm/onedrive/desktop/embedded system/tools/imt_sdk_win_64/winavr/bin/../lib/gcc/avr/4.3.3/../../../../avr/lib/avr5/crtm32.o
 .bss           0x008000e4        0x0 ./HLCD_Program.o
 .bss           0x008000e4        0x0 ./HultraSonic_Program.o
 .bss           0x008000e4        0x0 ./MDIO_Program.o
 .bss           0x008000e4        0x0 ./MOTORS_Program.o
 .bss           0x008000e4        0x0 ./MTMR_Program.o
 .bss           0x008000e4        0x0 ./MUART_Program.o
 .bss           0x008000e4        0x0 ./main.o
 .bss           0x008000e4        0x0 c:/users/seifm/onedrive/desktop/embedded system/tools/imt_sdk_win_64/winavr/bin/../lib/gcc/avr/4.3.3/avr5\libgcc.a(_udivmodhi4.o)
 .bss           0x008000e4        0x0 c:/users/seifm/onedrive/desktop/embedded system/tools/imt_sdk_win_64/winavr/bin/../lib/gcc/avr/4.3.3/avr5\libgcc.a(_divmodhi4.o)
 .bss           0x008000e4        0x0 c:/users/seifm/onedrive/desktop/embedded system/tools/imt_sdk_win_64/winavr/bin/../lib/gcc/avr/4.3.3/avr5\libgcc.a(_exit.o)
 .bss           0x008000e4        0x0 c:/users/seifm/onedrive/desktop/embedded system/tools/imt_sdk_win_64/winavr/bin/../lib/gcc/avr/4.3.3/avr5\libgcc.a(_copy_data.o)
 .bss           0x008000e4        0x0 c:/users/seifm/onedrive/desktop/embedded system/tools/imt_sdk_win_64/winavr/bin/../lib/gcc/avr/4.3.3/avr5\libgcc.a(_clear_bss.o)
 .bss           0x008000e4        0x0 c:/users/seifm/onedrive/desktop/embedded system/tools/imt_sdk_win_64/winavr/bin/../lib/gcc/avr/4.3.3/avr5\libgcc.a(_fixunssfsi.o)
 .bss           0x008000e4        0x0 c:/users/seifm/onedrive/desktop/embedded system/tools/imt_sdk_win_64/winavr/bin/../lib/gcc/avr/4.3.3/avr5\libgcc.a(_addsub_sf.o)
 .bss           0x008000e4        0x0 c:/users/seifm/onedrive/desktop/embedded system/tools/imt_sdk_win_64/winavr/bin/../lib/gcc/avr/4.3.3/avr5\libgcc.a(_mul_sf.o)
 .bss           0x008000e4        0x0 c:/users/seifm/onedrive/desktop/embedded system/tools/imt_sdk_win_64/winavr/bin/../lib/gcc/avr/4.3.3/avr5\libgcc.a(_div_sf.o)
 .bss           0x008000e4        0x0 c:/users/seifm/onedrive/desktop/embedded system/tools/imt_sdk_win_64/winavr/bin/../lib/gcc/avr/4.3.3/avr5\libgcc.a(_gt_sf.o)
 .bss           0x008000e4        0x0 c:/users/seifm/onedrive/desktop/embedded system/tools/imt_sdk_win_64/winavr/bin/../lib/gcc/avr/4.3.3/avr5\libgcc.a(_ge_sf.o)
 .bss           0x008000e4        0x0 c:/users/seifm/onedrive/desktop/embedded system/tools/imt_sdk_win_64/winavr/bin/../lib/gcc/avr/4.3.3/avr5\libgcc.a(_lt_sf.o)
 .bss           0x008000e4        0x0 c:/users/seifm/onedrive/desktop/embedded system/tools/imt_sdk_win_64/winavr/bin/../lib/gcc/avr/4.3.3/avr5\libgcc.a(_sf_to_si.o)
 .bss           0x008000e4        0x0 c:/users/seifm/onedrive/desktop/embedded system/tools/imt_sdk_win_64/winavr/bin/../lib/gcc/avr/4.3.3/avr5\libgcc.a(_thenan_sf.o)
 .bss           0x008000e4        0x0 c:/users/seifm/onedrive/desktop/embedded system/tools/imt_sdk_win_64/winavr/bin/../lib/gcc/avr/4.3.3/avr5\libgcc.a(_prologue.o)
 .bss           0x008000e4        0x0 c:/users/seifm/onedrive/desktop/embedded system/tools/imt_sdk_win_64/winavr/bin/../lib/gcc/avr/4.3.3/avr5\libgcc.a(_epilogue.o)
 .bss           0x008000e4        0x0 c:/users/seifm/onedrive/desktop/embedded system/tools/imt_sdk_win_64/winavr/bin/../lib/gcc/avr/4.3.3/avr5\libgcc.a(_pack_sf.o)
 .bss           0x008000e4        0x0 c:/users/seifm/onedrive/desktop/embedded system/tools/imt_sdk_win_64/winavr/bin/../lib/gcc/avr/4.3.3/avr5\libgcc.a(_unpack_sf.o)
 .bss           0x008000e4        0x0 c:/users/seifm/onedrive/desktop/embedded system/tools/imt_sdk_win_64/winavr/bin/../lib/gcc/avr/4.3.3/avr5\libgcc.a(_fpcmp_parts_sf.o)
 *(.bss*)
 .bss.MTMR_PF   0x008000e4        0x4 ./MTMR_Program.o
 .bss.Local_counter.1278
                0x008000e8        0x2 ./MTMR_Program.o
 .bss.Local_counter.1294
                0x008000ea        0x2 ./MTMR_Program.o
 .bss.ICU_Ton   0x008000ec        0x2 ./MTMR_Program.o
 .bss.flag.1371
                0x008000ee        0x1 ./MTMR_Program.o
 .bss.OldRead.1370
                0x008000ef        0x2 ./MTMR_Program.o
 .bss.MUART_PF_Notification
                0x008000f1        0x2 ./MUART_Program.o
 .bss.MUART_Pu8TxString
                0x008000f3        0x2 ./MUART_Program.o
 .bss.Local_u8Counter.1313
                0x008000f5        0x1 ./MUART_Program.o
 *(COMMON)
                0x008000f6                PROVIDE (__bss_end, .)
                0x00003616                __data_load_start = LOADADDR (.data)
                0x0000369a                __data_load_end = (__data_load_start + SIZEOF (.data))

.noinit         0x008000f6        0x0
                0x008000f6                PROVIDE (__noinit_start, .)
 *(.noinit*)
                0x008000f6                PROVIDE (__noinit_end, .)
                0x008000f6                _end = .
                0x008000f6                PROVIDE (__heap_start, .)

.eeprom         0x00810000        0x0
 *(.eeprom*)
                0x00810000                __eeprom_end = .

.fuse
 *(.fuse)
 *(.lfuse)
 *(.hfuse)
 *(.efuse)

.lock
 *(.lock*)

.signature
 *(.signature*)

.stab           0x00000000     0x315c
 *(.stab)
 .stab          0x00000000      0xe70 ./HLCD_Program.o
 .stab          0x00000e70      0x324 ./HultraSonic_Program.o
                                0x534 (size before relaxing)
 .stab          0x00001194      0x7bc ./MDIO_Program.o
                                0x834 (size before relaxing)
 .stab          0x00001950      0x4f8 ./MOTORS_Program.o
                                0x708 (size before relaxing)
 .stab          0x00001e48      0x6c0 ./MTMR_Program.o
                                0x738 (size before relaxing)
 .stab          0x00002508      0x4bc ./MUART_Program.o
                                0x534 (size before relaxing)
 .stab          0x000029c4      0x798 ./main.o
                                0x9c0 (size before relaxing)

.stabstr        0x00000000     0x148f
 *(.stabstr)
 .stabstr       0x00000000     0x148f ./HLCD_Program.o

.stab.excl
 *(.stab.excl)

.stab.exclstr
 *(.stab.exclstr)

.stab.index
 *(.stab.index)

.stab.indexstr
 *(.stab.indexstr)

.comment
 *(.comment)

.debug
 *(.debug)

.line
 *(.line)

.debug_srcinfo
 *(.debug_srcinfo)

.debug_sfnames
 *(.debug_sfnames)

.debug_aranges  0x00000000      0x160
 *(.debug_aranges)
 .debug_aranges
                0x00000000       0x20 c:/users/seifm/onedrive/desktop/embedded system/tools/imt_sdk_win_64/winavr/bin/../lib/gcc/avr/4.3.3/avr5\libgcc.a(_fixunssfsi.o)
 .debug_aranges
                0x00000020       0x20 c:/users/seifm/onedrive/desktop/embedded system/tools/imt_sdk_win_64/winavr/bin/../lib/gcc/avr/4.3.3/avr5\libgcc.a(_addsub_sf.o)
 .debug_aranges
                0x00000040       0x20 c:/users/seifm/onedrive/desktop/embedded system/tools/imt_sdk_win_64/winavr/bin/../lib/gcc/avr/4.3.3/avr5\libgcc.a(_mul_sf.o)
 .debug_aranges
                0x00000060       0x20 c:/users/seifm/onedrive/desktop/embedded system/tools/imt_sdk_win_64/winavr/bin/../lib/gcc/avr/4.3.3/avr5\libgcc.a(_div_sf.o)
 .debug_aranges
                0x00000080       0x20 c:/users/seifm/onedrive/desktop/embedded system/tools/imt_sdk_win_64/winavr/bin/../lib/gcc/avr/4.3.3/avr5\libgcc.a(_gt_sf.o)
 .debug_aranges
                0x000000a0       0x20 c:/users/seifm/onedrive/desktop/embedded system/tools/imt_sdk_win_64/winavr/bin/../lib/gcc/avr/4.3.3/avr5\libgcc.a(_ge_sf.o)
 .debug_aranges
                0x000000c0       0x20 c:/users/seifm/onedrive/desktop/embedded system/tools/imt_sdk_win_64/winavr/bin/../lib/gcc/avr/4.3.3/avr5\libgcc.a(_lt_sf.o)
 .debug_aranges
                0x000000e0       0x20 c:/users/seifm/onedrive/desktop/embedded system/tools/imt_sdk_win_64/winavr/bin/../lib/gcc/avr/4.3.3/avr5\libgcc.a(_sf_to_si.o)
 .debug_aranges
                0x00000100       0x20 c:/users/seifm/onedrive/desktop/embedded system/tools/imt_sdk_win_64/winavr/bin/../lib/gcc/avr/4.3.3/avr5\libgcc.a(_pack_sf.o)
 .debug_aranges
                0x00000120       0x20 c:/users/seifm/onedrive/desktop/embedded system/tools/imt_sdk_win_64/winavr/bin/../lib/gcc/avr/4.3.3/avr5\libgcc.a(_unpack_sf.o)
 .debug_aranges
                0x00000140       0x20 c:/users/seifm/onedrive/desktop/embedded system/tools/imt_sdk_win_64/winavr/bin/../lib/gcc/avr/4.3.3/avr5\libgcc.a(_fpcmp_parts_sf.o)

.debug_pubnames
                0x00000000      0x18f
 *(.debug_pubnames)
 .debug_pubnames
                0x00000000       0x23 c:/users/seifm/onedrive/desktop/embedded system/tools/imt_sdk_win_64/winavr/bin/../lib/gcc/avr/4.3.3/avr5\libgcc.a(_fixunssfsi.o)
 .debug_pubnames
                0x00000023       0x2c c:/users/seifm/onedrive/desktop/embedded system/tools/imt_sdk_win_64/winavr/bin/../lib/gcc/avr/4.3.3/avr5\libgcc.a(_addsub_sf.o)
 .debug_pubnames
                0x0000004f       0x1f c:/users/seifm/onedrive/desktop/embedded system/tools/imt_sdk_win_64/winavr/bin/../lib/gcc/avr/4.3.3/avr5\libgcc.a(_mul_sf.o)
 .debug_pubnames
                0x0000006e       0x1f c:/users/seifm/onedrive/desktop/embedded system/tools/imt_sdk_win_64/winavr/bin/../lib/gcc/avr/4.3.3/avr5\libgcc.a(_div_sf.o)
 .debug_pubnames
                0x0000008d       0x1e c:/users/seifm/onedrive/desktop/embedded system/tools/imt_sdk_win_64/winavr/bin/../lib/gcc/avr/4.3.3/avr5\libgcc.a(_gt_sf.o)
 .debug_pubnames
                0x000000ab       0x1e c:/users/seifm/onedrive/desktop/embedded system/tools/imt_sdk_win_64/winavr/bin/../lib/gcc/avr/4.3.3/avr5\libgcc.a(_ge_sf.o)
 .debug_pubnames
                0x000000c9       0x1e c:/users/seifm/onedrive/desktop/embedded system/tools/imt_sdk_win_64/winavr/bin/../lib/gcc/avr/4.3.3/avr5\libgcc.a(_lt_sf.o)
 .debug_pubnames
                0x000000e7       0x20 c:/users/seifm/onedrive/desktop/embedded system/tools/imt_sdk_win_64/winavr/bin/../lib/gcc/avr/4.3.3/avr5\libgcc.a(_sf_to_si.o)
 .debug_pubnames
                0x00000107       0x22 c:/users/seifm/onedrive/desktop/embedded system/tools/imt_sdk_win_64/winavr/bin/../lib/gcc/avr/4.3.3/avr5\libgcc.a(_thenan_sf.o)
 .debug_pubnames
                0x00000129       0x1f c:/users/seifm/onedrive/desktop/embedded system/tools/imt_sdk_win_64/winavr/bin/../lib/gcc/avr/4.3.3/avr5\libgcc.a(_pack_sf.o)
 .debug_pubnames
                0x00000148       0x21 c:/users/seifm/onedrive/desktop/embedded system/tools/imt_sdk_win_64/winavr/bin/../lib/gcc/avr/4.3.3/avr5\libgcc.a(_unpack_sf.o)
 .debug_pubnames
                0x00000169       0x26 c:/users/seifm/onedrive/desktop/embedded system/tools/imt_sdk_win_64/winavr/bin/../lib/gcc/avr/4.3.3/avr5\libgcc.a(_fpcmp_parts_sf.o)

.debug_info     0x00000000     0x2045
 *(.debug_info)
 .debug_info    0x00000000       0xb1 c:/users/seifm/onedrive/desktop/embedded system/tools/imt_sdk_win_64/winavr/bin/../lib/gcc/avr/4.3.3/avr5\libgcc.a(_fixunssfsi.o)
 .debug_info    0x000000b1      0x47a c:/users/seifm/onedrive/desktop/embedded system/tools/imt_sdk_win_64/winavr/bin/../lib/gcc/avr/4.3.3/avr5\libgcc.a(_addsub_sf.o)
 .debug_info    0x0000052b      0x485 c:/users/seifm/onedrive/desktop/embedded system/tools/imt_sdk_win_64/winavr/bin/../lib/gcc/avr/4.3.3/avr5\libgcc.a(_mul_sf.o)
 .debug_info    0x000009b0      0x3fc c:/users/seifm/onedrive/desktop/embedded system/tools/imt_sdk_win_64/winavr/bin/../lib/gcc/avr/4.3.3/avr5\libgcc.a(_div_sf.o)
 .debug_info    0x00000dac      0x27f c:/users/seifm/onedrive/desktop/embedded system/tools/imt_sdk_win_64/winavr/bin/../lib/gcc/avr/4.3.3/avr5\libgcc.a(_gt_sf.o)
 .debug_info    0x0000102b      0x27f c:/users/seifm/onedrive/desktop/embedded system/tools/imt_sdk_win_64/winavr/bin/../lib/gcc/avr/4.3.3/avr5\libgcc.a(_ge_sf.o)
 .debug_info    0x000012aa      0x27f c:/users/seifm/onedrive/desktop/embedded system/tools/imt_sdk_win_64/winavr/bin/../lib/gcc/avr/4.3.3/avr5\libgcc.a(_lt_sf.o)
 .debug_info    0x00001529      0x2b0 c:/users/seifm/onedrive/desktop/embedded system/tools/imt_sdk_win_64/winavr/bin/../lib/gcc/avr/4.3.3/avr5\libgcc.a(_sf_to_si.o)
 .debug_info    0x000017d9      0x12c c:/users/seifm/onedrive/desktop/embedded system/tools/imt_sdk_win_64/winavr/bin/../lib/gcc/avr/4.3.3/avr5\libgcc.a(_thenan_sf.o)
 .debug_info    0x00001905      0x2df c:/users/seifm/onedrive/desktop/embedded system/tools/imt_sdk_win_64/winavr/bin/../lib/gcc/avr/4.3.3/avr5\libgcc.a(_pack_sf.o)
 .debug_info    0x00001be4      0x251 c:/users/seifm/onedrive/desktop/embedded system/tools/imt_sdk_win_64/winavr/bin/../lib/gcc/avr/4.3.3/avr5\libgcc.a(_unpack_sf.o)
 .debug_info    0x00001e35      0x210 c:/users/seifm/onedrive/desktop/embedded system/tools/imt_sdk_win_64/winavr/bin/../lib/gcc/avr/4.3.3/avr5\libgcc.a(_fpcmp_parts_sf.o)
 *(.gnu.linkonce.wi.*)

.debug_abbrev   0x00000000     0x1101
 *(.debug_abbrev)
 .debug_abbrev  0x00000000       0x5d c:/users/seifm/onedrive/desktop/embedded system/tools/imt_sdk_win_64/winavr/bin/../lib/gcc/avr/4.3.3/avr5\libgcc.a(_fixunssfsi.o)
 .debug_abbrev  0x0000005d      0x1ea c:/users/seifm/onedrive/desktop/embedded system/tools/imt_sdk_win_64/winavr/bin/../lib/gcc/avr/4.3.3/avr5\libgcc.a(_addsub_sf.o)
 .debug_abbrev  0x00000247      0x21b c:/users/seifm/onedrive/desktop/embedded system/tools/imt_sdk_win_64/winavr/bin/../lib/gcc/avr/4.3.3/avr5\libgcc.a(_mul_sf.o)
 .debug_abbrev  0x00000462      0x216 c:/users/seifm/onedrive/desktop/embedded system/tools/imt_sdk_win_64/winavr/bin/../lib/gcc/avr/4.3.3/avr5\libgcc.a(_div_sf.o)
 .debug_abbrev  0x00000678      0x15a c:/users/seifm/onedrive/desktop/embedded system/tools/imt_sdk_win_64/winavr/bin/../lib/gcc/avr/4.3.3/avr5\libgcc.a(_gt_sf.o)
 .debug_abbrev  0x000007d2      0x15a c:/users/seifm/onedrive/desktop/embedded system/tools/imt_sdk_win_64/winavr/bin/../lib/gcc/avr/4.3.3/avr5\libgcc.a(_ge_sf.o)
 .debug_abbrev  0x0000092c      0x15a c:/users/seifm/onedrive/desktop/embedded system/tools/imt_sdk_win_64/winavr/bin/../lib/gcc/avr/4.3.3/avr5\libgcc.a(_lt_sf.o)
 .debug_abbrev  0x00000a86      0x17f c:/users/seifm/onedrive/desktop/embedded system/tools/imt_sdk_win_64/winavr/bin/../lib/gcc/avr/4.3.3/avr5\libgcc.a(_sf_to_si.o)
 .debug_abbrev  0x00000c05       0xad c:/users/seifm/onedrive/desktop/embedded system/tools/imt_sdk_win_64/winavr/bin/../lib/gcc/avr/4.3.3/avr5\libgcc.a(_thenan_sf.o)
 .debug_abbrev  0x00000cb2      0x1c0 c:/users/seifm/onedrive/desktop/embedded system/tools/imt_sdk_win_64/winavr/bin/../lib/gcc/avr/4.3.3/avr5\libgcc.a(_pack_sf.o)
 .debug_abbrev  0x00000e72      0x154 c:/users/seifm/onedrive/desktop/embedded system/tools/imt_sdk_win_64/winavr/bin/../lib/gcc/avr/4.3.3/avr5\libgcc.a(_unpack_sf.o)
 .debug_abbrev  0x00000fc6      0x13b c:/users/seifm/onedrive/desktop/embedded system/tools/imt_sdk_win_64/winavr/bin/../lib/gcc/avr/4.3.3/avr5\libgcc.a(_fpcmp_parts_sf.o)

.debug_line     0x00000000      0xf82
 *(.debug_line)
 .debug_line    0x00000000       0xa7 c:/users/seifm/onedrive/desktop/embedded system/tools/imt_sdk_win_64/winavr/bin/../lib/gcc/avr/4.3.3/avr5\libgcc.a(_fixunssfsi.o)
 .debug_line    0x000000a7      0x2af c:/users/seifm/onedrive/desktop/embedded system/tools/imt_sdk_win_64/winavr/bin/../lib/gcc/avr/4.3.3/avr5\libgcc.a(_addsub_sf.o)
 .debug_line    0x00000356      0x239 c:/users/seifm/onedrive/desktop/embedded system/tools/imt_sdk_win_64/winavr/bin/../lib/gcc/avr/4.3.3/avr5\libgcc.a(_mul_sf.o)
 .debug_line    0x0000058f      0x1d5 c:/users/seifm/onedrive/desktop/embedded system/tools/imt_sdk_win_64/winavr/bin/../lib/gcc/avr/4.3.3/avr5\libgcc.a(_div_sf.o)
 .debug_line    0x00000764       0xd3 c:/users/seifm/onedrive/desktop/embedded system/tools/imt_sdk_win_64/winavr/bin/../lib/gcc/avr/4.3.3/avr5\libgcc.a(_gt_sf.o)
 .debug_line    0x00000837       0xd3 c:/users/seifm/onedrive/desktop/embedded system/tools/imt_sdk_win_64/winavr/bin/../lib/gcc/avr/4.3.3/avr5\libgcc.a(_ge_sf.o)
 .debug_line    0x0000090a       0xd3 c:/users/seifm/onedrive/desktop/embedded system/tools/imt_sdk_win_64/winavr/bin/../lib/gcc/avr/4.3.3/avr5\libgcc.a(_lt_sf.o)
 .debug_line    0x000009dd      0x109 c:/users/seifm/onedrive/desktop/embedded system/tools/imt_sdk_win_64/winavr/bin/../lib/gcc/avr/4.3.3/avr5\libgcc.a(_sf_to_si.o)
 .debug_line    0x00000ae6       0x90 c:/users/seifm/onedrive/desktop/embedded system/tools/imt_sdk_win_64/winavr/bin/../lib/gcc/avr/4.3.3/avr5\libgcc.a(_thenan_sf.o)
 .debug_line    0x00000b76      0x18a c:/users/seifm/onedrive/desktop/embedded system/tools/imt_sdk_win_64/winavr/bin/../lib/gcc/avr/4.3.3/avr5\libgcc.a(_pack_sf.o)
 .debug_line    0x00000d00      0x14b c:/users/seifm/onedrive/desktop/embedded system/tools/imt_sdk_win_64/winavr/bin/../lib/gcc/avr/4.3.3/avr5\libgcc.a(_unpack_sf.o)
 .debug_line    0x00000e4b      0x137 c:/users/seifm/onedrive/desktop/embedded system/tools/imt_sdk_win_64/winavr/bin/../lib/gcc/avr/4.3.3/avr5\libgcc.a(_fpcmp_parts_sf.o)

.debug_frame    0x00000000      0x180
 *(.debug_frame)
 .debug_frame   0x00000000       0x20 c:/users/seifm/onedrive/desktop/embedded system/tools/imt_sdk_win_64/winavr/bin/../lib/gcc/avr/4.3.3/avr5\libgcc.a(_fixunssfsi.o)
 .debug_frame   0x00000020       0x40 c:/users/seifm/onedrive/desktop/embedded system/tools/imt_sdk_win_64/winavr/bin/../lib/gcc/avr/4.3.3/avr5\libgcc.a(_addsub_sf.o)
 .debug_frame   0x00000060       0x20 c:/users/seifm/onedrive/desktop/embedded system/tools/imt_sdk_win_64/winavr/bin/../lib/gcc/avr/4.3.3/avr5\libgcc.a(_mul_sf.o)
 .debug_frame   0x00000080       0x20 c:/users/seifm/onedrive/desktop/embedded system/tools/imt_sdk_win_64/winavr/bin/../lib/gcc/avr/4.3.3/avr5\libgcc.a(_div_sf.o)
 .debug_frame   0x000000a0       0x20 c:/users/seifm/onedrive/desktop/embedded system/tools/imt_sdk_win_64/winavr/bin/../lib/gcc/avr/4.3.3/avr5\libgcc.a(_gt_sf.o)
 .debug_frame   0x000000c0       0x20 c:/users/seifm/onedrive/desktop/embedded system/tools/imt_sdk_win_64/winavr/bin/../lib/gcc/avr/4.3.3/avr5\libgcc.a(_ge_sf.o)
 .debug_frame   0x000000e0       0x20 c:/users/seifm/onedrive/desktop/embedded system/tools/imt_sdk_win_64/winavr/bin/../lib/gcc/avr/4.3.3/avr5\libgcc.a(_lt_sf.o)
 .debug_frame   0x00000100       0x20 c:/users/seifm/onedrive/desktop/embedded system/tools/imt_sdk_win_64/winavr/bin/../lib/gcc/avr/4.3.3/avr5\libgcc.a(_sf_to_si.o)
 .debug_frame   0x00000120       0x20 c:/users/seifm/onedrive/desktop/embedded system/tools/imt_sdk_win_64/winavr/bin/../lib/gcc/avr/4.3.3/avr5\libgcc.a(_pack_sf.o)
 .debug_frame   0x00000140       0x20 c:/users/seifm/onedrive/desktop/embedded system/tools/imt_sdk_win_64/winavr/bin/../lib/gcc/avr/4.3.3/avr5\libgcc.a(_unpack_sf.o)
 .debug_frame   0x00000160       0x20 c:/users/seifm/onedrive/desktop/embedded system/tools/imt_sdk_win_64/winavr/bin/../lib/gcc/avr/4.3.3/avr5\libgcc.a(_fpcmp_parts_sf.o)

.debug_str      0x00000000      0x2c2
 *(.debug_str)
 .debug_str     0x00000000       0xbf c:/users/seifm/onedrive/desktop/embedded system/tools/imt_sdk_win_64/winavr/bin/../lib/gcc/avr/4.3.3/avr5\libgcc.a(_fixunssfsi.o)
                                 0xfe (size before relaxing)
 .debug_str     0x000000bf      0x14d c:/users/seifm/onedrive/desktop/embedded system/tools/imt_sdk_win_64/winavr/bin/../lib/gcc/avr/4.3.3/avr5\libgcc.a(_addsub_sf.o)
                                0x206 (size before relaxing)
 .debug_str     0x0000020c       0x27 c:/users/seifm/onedrive/desktop/embedded system/tools/imt_sdk_win_64/winavr/bin/../lib/gcc/avr/4.3.3/avr5\libgcc.a(_mul_sf.o)
                                0x1bf (size before relaxing)
 .debug_str     0x00000233       0x35 c:/users/seifm/onedrive/desktop/embedded system/tools/imt_sdk_win_64/winavr/bin/../lib/gcc/avr/4.3.3/avr5\libgcc.a(_div_sf.o)
                                0x1c8 (size before relaxing)
 .debug_str     0x00000268        0xf c:/users/seifm/onedrive/desktop/embedded system/tools/imt_sdk_win_64/winavr/bin/../lib/gcc/avr/4.3.3/avr5\libgcc.a(_gt_sf.o)
                                0x195 (size before relaxing)
 .debug_str     0x00000277        0x8 c:/users/seifm/onedrive/desktop/embedded system/tools/imt_sdk_win_64/winavr/bin/../lib/gcc/avr/4.3.3/avr5\libgcc.a(_ge_sf.o)
                                0x195 (size before relaxing)
 .debug_str     0x0000027f        0x8 c:/users/seifm/onedrive/desktop/embedded system/tools/imt_sdk_win_64/winavr/bin/../lib/gcc/avr/4.3.3/avr5\libgcc.a(_lt_sf.o)
                                0x195 (size before relaxing)
 .debug_str     0x00000287        0xa c:/users/seifm/onedrive/desktop/embedded system/tools/imt_sdk_win_64/winavr/bin/../lib/gcc/avr/4.3.3/avr5\libgcc.a(_sf_to_si.o)
                                0x19e (size before relaxing)
 .debug_str     0x00000000      0x103 c:/users/seifm/onedrive/desktop/embedded system/tools/imt_sdk_win_64/winavr/bin/../lib/gcc/avr/4.3.3/avr5\libgcc.a(_thenan_sf.o)
 .debug_str     0x00000291       0x16 c:/users/seifm/onedrive/desktop/embedded system/tools/imt_sdk_win_64/winavr/bin/../lib/gcc/avr/4.3.3/avr5\libgcc.a(_pack_sf.o)
                                0x19d (size before relaxing)
 .debug_str     0x000002a7        0xb c:/users/seifm/onedrive/desktop/embedded system/tools/imt_sdk_win_64/winavr/bin/../lib/gcc/avr/4.3.3/avr5\libgcc.a(_unpack_sf.o)
                                0x17f (size before relaxing)
 .debug_str     0x000002b2       0x10 c:/users/seifm/onedrive/desktop/embedded system/tools/imt_sdk_win_64/winavr/bin/../lib/gcc/avr/4.3.3/avr5\libgcc.a(_fpcmp_parts_sf.o)
                                0x163 (size before relaxing)

.debug_loc      0x00000000      0x88e
 *(.debug_loc)
 .debug_loc     0x00000000       0x34 c:/users/seifm/onedrive/desktop/embedded system/tools/imt_sdk_win_64/winavr/bin/../lib/gcc/avr/4.3.3/avr5\libgcc.a(_fixunssfsi.o)
 .debug_loc     0x00000034      0x32a c:/users/seifm/onedrive/desktop/embedded system/tools/imt_sdk_win_64/winavr/bin/../lib/gcc/avr/4.3.3/avr5\libgcc.a(_addsub_sf.o)
 .debug_loc     0x0000035e      0x104 c:/users/seifm/onedrive/desktop/embedded system/tools/imt_sdk_win_64/winavr/bin/../lib/gcc/avr/4.3.3/avr5\libgcc.a(_mul_sf.o)
 .debug_loc     0x00000462       0xc0 c:/users/seifm/onedrive/desktop/embedded system/tools/imt_sdk_win_64/winavr/bin/../lib/gcc/avr/4.3.3/avr5\libgcc.a(_div_sf.o)
 .debug_loc     0x00000522       0x3c c:/users/seifm/onedrive/desktop/embedded system/tools/imt_sdk_win_64/winavr/bin/../lib/gcc/avr/4.3.3/avr5\libgcc.a(_gt_sf.o)
 .debug_loc     0x0000055e       0x3c c:/users/seifm/onedrive/desktop/embedded system/tools/imt_sdk_win_64/winavr/bin/../lib/gcc/avr/4.3.3/avr5\libgcc.a(_ge_sf.o)
 .debug_loc     0x0000059a       0x3c c:/users/seifm/onedrive/desktop/embedded system/tools/imt_sdk_win_64/winavr/bin/../lib/gcc/avr/4.3.3/avr5\libgcc.a(_lt_sf.o)
 .debug_loc     0x000005d6       0x7e c:/users/seifm/onedrive/desktop/embedded system/tools/imt_sdk_win_64/winavr/bin/../lib/gcc/avr/4.3.3/avr5\libgcc.a(_sf_to_si.o)
 .debug_loc     0x00000654      0x13e c:/users/seifm/onedrive/desktop/embedded system/tools/imt_sdk_win_64/winavr/bin/../lib/gcc/avr/4.3.3/avr5\libgcc.a(_pack_sf.o)
 .debug_loc     0x00000792       0xac c:/users/seifm/onedrive/desktop/embedded system/tools/imt_sdk_win_64/winavr/bin/../lib/gcc/avr/4.3.3/avr5\libgcc.a(_unpack_sf.o)
 .debug_loc     0x0000083e       0x50 c:/users/seifm/onedrive/desktop/embedded system/tools/imt_sdk_win_64/winavr/bin/../lib/gcc/avr/4.3.3/avr5\libgcc.a(_fpcmp_parts_sf.o)

.debug_macinfo
 *(.debug_macinfo)
OUTPUT(Metal_Detector.elf elf32-avr)
LOAD linker stubs

.debug_ranges   0x00000000       0x50
 .debug_ranges  0x00000000       0x50 c:/users/seifm/onedrive/desktop/embedded system/tools/imt_sdk_win_64/winavr/bin/../lib/gcc/avr/4.3.3/avr5\libgcc.a(_mul_sf.o)
